Scheduler.c:17:13:OS_voidBubblSort	24	static
Scheduler.c:36:13:OS_voidUpdateSchedulerTable	24	static
Scheduler.c:74:13:OS_voidNextTask	8	static
Scheduler.c:95:6:OS_voidUpdateTasksWaitingTime	16	static
Scheduler.c:119:6:SysTick_Handler	8	static
Scheduler.c:129:6:OS_voidSVC	24	static
Scheduler.c:161:13:OS_voidSvcSetService	16	static,ignoring_inline_asm
Scheduler.c:179:27:PendSV_Handler	0	static,ignoring_inline_asm
Scheduler.c:235:13:OS_voidIdleTask	4	static,ignoring_inline_asm
Scheduler.c:246:13:OS_voidCreateMainStack	4	static
Scheduler.c:257:13:OS_voidCreateTaskStack	24	static
Scheduler.c:297:12:OS_voidActivateTask	24	static
Scheduler.c:314:12:OS_voidTerminateTask	24	static
Scheduler.c:332:6:OS_voidWaitTask	16	static
Scheduler.c:340:12:OS_voidCreateTask	24	static
Scheduler.c:379:12:OS_voidAcquireMutex	24	static
Scheduler.c:405:12:OS_voidReleaseMutex	24	static
Scheduler.c:426:6:OS_voidStart	8	static,ignoring_inline_asm
Scheduler.c:442:12:OS_Init	16	static
